------------------------------------------------------------
TimeQuest Timing Analyzer Summary
------------------------------------------------------------

Type  : Slow 1200mV 85C Model Setup 'my_qsys|altpll_0|sd1|pll7|clk[0]'
Slack : -5.360
TNS   : -1414.130

Type  : Slow 1200mV 85C Model Hold 'my_qsys|altpll_0|sd1|pll7|clk[0]'
Slack : 0.384
TNS   : 0.000

Type  : Slow 1200mV 85C Model Recovery 'my_qsys|altpll_0|sd1|pll7|clk[0]'
Slack : 16.254
TNS   : 0.000

Type  : Slow 1200mV 85C Model Removal 'my_qsys|altpll_0|sd1|pll7|clk[0]'
Slack : 2.653
TNS   : 0.000

Type  : Slow 1200mV 85C Model Minimum Pulse Width 'my_qsys|altpll_0|sd1|pll7|clk[0]'
Slack : 9.699
TNS   : 0.000

Type  : Slow 1200mV 85C Model Minimum Pulse Width 'CLOCK_50'
Slack : 9.819
TNS   : 0.000

Type  : Slow 1200mV 0C Model Setup 'my_qsys|altpll_0|sd1|pll7|clk[0]'
Slack : -2.633
TNS   : -184.903

Type  : Slow 1200mV 0C Model Hold 'my_qsys|altpll_0|sd1|pll7|clk[0]'
Slack : 0.338
TNS   : 0.000

Type  : Slow 1200mV 0C Model Recovery 'my_qsys|altpll_0|sd1|pll7|clk[0]'
Slack : 16.635
TNS   : 0.000

Type  : Slow 1200mV 0C Model Removal 'my_qsys|altpll_0|sd1|pll7|clk[0]'
Slack : 2.363
TNS   : 0.000

Type  : Slow 1200mV 0C Model Minimum Pulse Width 'my_qsys|altpll_0|sd1|pll7|clk[0]'
Slack : 9.686
TNS   : 0.000

Type  : Slow 1200mV 0C Model Minimum Pulse Width 'CLOCK_50'
Slack : 9.799
TNS   : 0.000

Type  : Fast 1200mV 0C Model Setup 'my_qsys|altpll_0|sd1|pll7|clk[0]'
Slack : 7.125
TNS   : 0.000

Type  : Fast 1200mV 0C Model Hold 'my_qsys|altpll_0|sd1|pll7|clk[0]'
Slack : 0.174
TNS   : 0.000

Type  : Fast 1200mV 0C Model Recovery 'my_qsys|altpll_0|sd1|pll7|clk[0]'
Slack : 17.983
TNS   : 0.000

Type  : Fast 1200mV 0C Model Removal 'my_qsys|altpll_0|sd1|pll7|clk[0]'
Slack : 1.401
TNS   : 0.000

Type  : Fast 1200mV 0C Model Minimum Pulse Width 'CLOCK_50'
Slack : 9.400
TNS   : 0.000

Type  : Fast 1200mV 0C Model Minimum Pulse Width 'my_qsys|altpll_0|sd1|pll7|clk[0]'
Slack : 9.779
TNS   : 0.000

------------------------------------------------------------
